
*** Running vivado
    with args -log design_1_picorv32_axi_adapter_0_0.vds -m64 -product Vivado -mode batch -messageDb vivado.pb -notrace -source design_1_picorv32_axi_adapter_0_0.tcl


ECHO is off.
ECHO is off.

****** Vivado v2023.2 (64-bit)
  **** SW Build 4029153 on Fri Oct 13 20:14:34 MDT 2023
  **** IP Build 4028589 on Sat Oct 14 00:45:43 MDT 2023
  **** SharedData Build 4025554 on Tue Oct 10 17:18:54 MDT 2023
    ** Copyright 1986-2022 Xilinx, Inc. All Rights Reserved.
    ** Copyright 2022-2023 Advanced Micro Devices, Inc. All Rights Reserved.

source design_1_picorv32_axi_adapter_0_0.tcl -notrace
create_project: Time (s): cpu = 00:00:08 ; elapsed = 00:00:18 . Memory (MB): peak = 452.188 ; gain = 183.602
INFO: [IP_Flow 19-234] Refreshing IP repositories
INFO: [IP_Flow 19-1704] No user IP repositories specified
INFO: [IP_Flow 19-2313] Loaded Vivado IP repository 'D:/Program_Files/Xilinx/Vivado/2023.2/data/ip'.
INFO: [IP_Flow 19-6924] IPCACHE: Running cache check for IP inst: design_1_picorv32_axi_adapter_0_0
Command: synth_design -top design_1_picorv32_axi_adapter_0_0 -part xc7z020clg400-1 -incremental_mode off -mode out_of_context
Starting synth_design
Attempting to get a license for feature 'Synthesis' and/or device 'xc7z020'
INFO: [Common 17-349] Got license for feature 'Synthesis' and/or device 'xc7z020'
INFO: [Device 21-403] Loading part xc7z020clg400-1
INFO: [Synth 8-7079] Multithreading enabled for synth_design using a maximum of 2 processes.
INFO: [Synth 8-7078] Launching helper process for spawning children vivado processes
INFO: [Synth 8-7075] Helper process launched with PID 9892
---------------------------------------------------------------------------------
Starting RTL Elaboration : Time (s): cpu = 00:00:12 ; elapsed = 00:00:24 . Memory (MB): peak = 1324.816 ; gain = 438.512
---------------------------------------------------------------------------------
INFO: [Synth 8-6157] synthesizing module 'design_1_picorv32_axi_adapter_0_0' [e:/TUD/Vivado_Projects/CE_Lab2/pico32_template/pico32.gen/sources_1/bd/design_1/ip/design_1_picorv32_axi_adapter_0_0/synth/design_1_picorv32_axi_adapter_0_0.v:53]
INFO: [Synth 8-6157] synthesizing module 'picorv32_axi_adapter' [E:/TUD/Vivado_Projects/CE_Lab2/pico32_template/pico32.srcs/sources_1/bd/picorv32.v:2601]
INFO: [Synth 8-6155] done synthesizing module 'picorv32_axi_adapter' (0#1) [E:/TUD/Vivado_Projects/CE_Lab2/pico32_template/pico32.srcs/sources_1/bd/picorv32.v:2601]
INFO: [Synth 8-6155] done synthesizing module 'design_1_picorv32_axi_adapter_0_0' (0#1) [e:/TUD/Vivado_Projects/CE_Lab2/pico32_template/pico32.gen/sources_1/bd/design_1/ip/design_1_picorv32_axi_adapter_0_0/synth/design_1_picorv32_axi_adapter_0_0.v:53]
---------------------------------------------------------------------------------
Finished RTL Elaboration : Time (s): cpu = 00:00:14 ; elapsed = 00:00:30 . Memory (MB): peak = 1437.172 ; gain = 550.867
---------------------------------------------------------------------------------
---------------------------------------------------------------------------------
Start Handling Custom Attributes
---------------------------------------------------------------------------------
---------------------------------------------------------------------------------
Finished Handling Custom Attributes : Time (s): cpu = 00:00:15 ; elapsed = 00:00:30 . Memory (MB): peak = 1437.172 ; gain = 550.867
---------------------------------------------------------------------------------
---------------------------------------------------------------------------------
Finished RTL Optimization Phase 1 : Time (s): cpu = 00:00:15 ; elapsed = 00:00:30 . Memory (MB): peak = 1437.172 ; gain = 550.867
---------------------------------------------------------------------------------
Netlist sorting complete. Time (s): cpu = 00:00:00 ; elapsed = 00:00:00.035 . Memory (MB): peak = 1437.172 ; gain = 0.000
INFO: [Project 1-570] Preparing netlist for logic optimization

Processing XDC Constraints
Initializing timing engine
Completed Processing XDC Constraints

Netlist sorting complete. Time (s): cpu = 00:00:00 ; elapsed = 00:00:00 . Memory (MB): peak = 1516.594 ; gain = 0.000
INFO: [Project 1-111] Unisim Transformation Summary:
No Unisim elements were transformed.

The system cannot find the path specified.
Constraint Validation Runtime : Time (s): cpu = 00:00:00 ; elapsed = 00:00:01 . Memory (MB): peak = 1516.652 ; gain = 0.059
INFO: [Designutils 20-5008] Incremental synthesis strategy off
---------------------------------------------------------------------------------
Finished Constraint Validation : Time (s): cpu = 00:00:29 ; elapsed = 00:01:04 . Memory (MB): peak = 1516.652 ; gain = 630.348
---------------------------------------------------------------------------------
---------------------------------------------------------------------------------
Start Loading Part and Timing Information
---------------------------------------------------------------------------------
Loading part: xc7z020clg400-1
---------------------------------------------------------------------------------
Finished Loading Part and Timing Information : Time (s): cpu = 00:00:29 ; elapsed = 00:01:05 . Memory (MB): peak = 1516.652 ; gain = 630.348
---------------------------------------------------------------------------------
---------------------------------------------------------------------------------
Start Applying 'set_property' XDC Constraints
---------------------------------------------------------------------------------
---------------------------------------------------------------------------------
Finished applying 'set_property' XDC Constraints : Time (s): cpu = 00:00:29 ; elapsed = 00:01:05 . Memory (MB): peak = 1516.652 ; gain = 630.348
---------------------------------------------------------------------------------
---------------------------------------------------------------------------------
Finished RTL Optimization Phase 2 : Time (s): cpu = 00:00:30 ; elapsed = 00:01:07 . Memory (MB): peak = 1516.652 ; gain = 630.348
---------------------------------------------------------------------------------
---------------------------------------------------------------------------------
Start RTL Component Statistics 
---------------------------------------------------------------------------------
Detailed RTL Component Info : 
+---Registers : 
	                1 Bit    Registers := 4     
+---Muxes : 
	   2 Input    1 Bit        Muxes := 1     
---------------------------------------------------------------------------------
Finished RTL Component Statistics 
---------------------------------------------------------------------------------
---------------------------------------------------------------------------------
Start Part Resource Summary
---------------------------------------------------------------------------------
Part Resources:
DSPs: 220 (col length:60)
BRAMs: 280 (col length: RAMB18 60 RAMB36 30)
---------------------------------------------------------------------------------
Finished Part Resource Summary
---------------------------------------------------------------------------------
---------------------------------------------------------------------------------
Start Cross Boundary and Area Optimization
---------------------------------------------------------------------------------
WARNING: [Synth 8-7080] Parallel synthesis criteria is not met
INFO: [Synth 8-3917] design design_1_picorv32_axi_adapter_0_0 has port mem_axi_awprot[2] driven by constant 0
INFO: [Synth 8-3917] design design_1_picorv32_axi_adapter_0_0 has port mem_axi_awprot[1] driven by constant 0
INFO: [Synth 8-3917] design design_1_picorv32_axi_adapter_0_0 has port mem_axi_awprot[0] driven by constant 0
INFO: [Synth 8-3917] design design_1_picorv32_axi_adapter_0_0 has port mem_axi_arprot[1] driven by constant 0
INFO: [Synth 8-3917] design design_1_picorv32_axi_adapter_0_0 has port mem_axi_arprot[0] driven by constant 0
---------------------------------------------------------------------------------
Finished Cross Boundary and Area Optimization : Time (s): cpu = 00:00:35 ; elapsed = 00:01:15 . Memory (MB): peak = 1516.652 ; gain = 630.348
---------------------------------------------------------------------------------
---------------------------------------------------------------------------------
Start Applying XDC Timing Constraints
---------------------------------------------------------------------------------
---------------------------------------------------------------------------------
Finished Applying XDC Timing Constraints : Time (s): cpu = 00:00:43 ; elapsed = 00:01:33 . Memory (MB): peak = 1516.652 ; gain = 630.348
---------------------------------------------------------------------------------
---------------------------------------------------------------------------------
Start Timing Optimization
---------------------------------------------------------------------------------
---------------------------------------------------------------------------------
Finished Timing Optimization : Time (s): cpu = 00:00:43 ; elapsed = 00:01:33 . Memory (MB): peak = 1516.652 ; gain = 630.348
---------------------------------------------------------------------------------
---------------------------------------------------------------------------------
Start Technology Mapping
---------------------------------------------------------------------------------
---------------------------------------------------------------------------------
Finished Technology Mapping : Time (s): cpu = 00:00:43 ; elapsed = 00:01:33 . Memory (MB): peak = 1516.652 ; gain = 630.348
---------------------------------------------------------------------------------
---------------------------------------------------------------------------------
Start IO Insertion
---------------------------------------------------------------------------------
---------------------------------------------------------------------------------
Start Flattening Before IO Insertion
---------------------------------------------------------------------------------
---------------------------------------------------------------------------------
Finished Flattening Before IO Insertion
---------------------------------------------------------------------------------
---------------------------------------------------------------------------------
Start Final Netlist Cleanup
---------------------------------------------------------------------------------
---------------------------------------------------------------------------------
Finished Final Netlist Cleanup
---------------------------------------------------------------------------------
---------------------------------------------------------------------------------
Finished IO Insertion : Time (s): cpu = 00:00:51 ; elapsed = 00:01:49 . Memory (MB): peak = 1516.652 ; gain = 630.348
---------------------------------------------------------------------------------
---------------------------------------------------------------------------------
Start Renaming Generated Instances
---------------------------------------------------------------------------------
---------------------------------------------------------------------------------
Finished Renaming Generated Instances : Time (s): cpu = 00:00:51 ; elapsed = 00:01:49 . Memory (MB): peak = 1516.652 ; gain = 630.348
---------------------------------------------------------------------------------
---------------------------------------------------------------------------------
Start Rebuilding User Hierarchy
---------------------------------------------------------------------------------
---------------------------------------------------------------------------------
Finished Rebuilding User Hierarchy : Time (s): cpu = 00:00:51 ; elapsed = 00:01:49 . Memory (MB): peak = 1516.652 ; gain = 630.348
---------------------------------------------------------------------------------
---------------------------------------------------------------------------------
Start Renaming Generated Ports
---------------------------------------------------------------------------------
---------------------------------------------------------------------------------
Finished Renaming Generated Ports : Time (s): cpu = 00:00:51 ; elapsed = 00:01:49 . Memory (MB): peak = 1516.652 ; gain = 630.348
---------------------------------------------------------------------------------
---------------------------------------------------------------------------------
Start Handling Custom Attributes
---------------------------------------------------------------------------------
---------------------------------------------------------------------------------
Finished Handling Custom Attributes : Time (s): cpu = 00:00:51 ; elapsed = 00:01:49 . Memory (MB): peak = 1516.652 ; gain = 630.348
---------------------------------------------------------------------------------
---------------------------------------------------------------------------------
Start Renaming Generated Nets
---------------------------------------------------------------------------------
---------------------------------------------------------------------------------
Finished Renaming Generated Nets : Time (s): cpu = 00:00:51 ; elapsed = 00:01:49 . Memory (MB): peak = 1516.652 ; gain = 630.348
---------------------------------------------------------------------------------
---------------------------------------------------------------------------------
Start Writing Synthesis Report
---------------------------------------------------------------------------------

Report BlackBoxes: 
+-+--------------+----------+
| |BlackBox name |Instances |
+-+--------------+----------+
+-+--------------+----------+

Report Cell Usage: 
+------+-----+------+
|      |Cell |Count |
+------+-----+------+
|1     |LUT2 |     1|
|2     |LUT5 |     3|
|3     |LUT6 |     6|
|4     |FDRE |     4|
+------+-----+------+
---------------------------------------------------------------------------------
Finished Writing Synthesis Report : Time (s): cpu = 00:00:51 ; elapsed = 00:01:49 . Memory (MB): peak = 1516.652 ; gain = 630.348
---------------------------------------------------------------------------------
Synthesis finished with 0 errors, 0 critical warnings and 1 warnings.
Synthesis Optimization Runtime : Time (s): cpu = 00:00:34 ; elapsed = 00:01:38 . Memory (MB): peak = 1516.652 ; gain = 550.867
Synthesis Optimization Complete : Time (s): cpu = 00:00:51 ; elapsed = 00:01:50 . Memory (MB): peak = 1516.652 ; gain = 630.348
INFO: [Project 1-571] Translating synthesized netlist
Netlist sorting complete. Time (s): cpu = 00:00:00 ; elapsed = 00:00:00.003 . Memory (MB): peak = 1516.652 ; gain = 0.000
INFO: [Project 1-570] Preparing netlist for logic optimization
INFO: [Opt 31-138] Pushed 0 inverter(s) to 0 load pin(s).
Netlist sorting complete. Time (s): cpu = 00:00:00 ; elapsed = 00:00:00.001 . Memory (MB): peak = 1516.652 ; gain = 0.000
INFO: [Project 1-111] Unisim Transformation Summary:
No Unisim elements were transformed.

The system cannot find the path specified.
Synth Design complete | Checksum: 79c7a201
INFO: [Common 17-83] Releasing license: Synthesis
26 Infos, 1 Warnings, 0 Critical Warnings and 0 Errors encountered.
synth_design completed successfully
synth_design: Time (s): cpu = 00:00:57 ; elapsed = 00:02:09 . Memory (MB): peak = 1516.652 ; gain = 1050.625
INFO: [Common 17-1381] The checkpoint 'E:/TUD/Vivado_Projects/CE_Lab2/pico32_template/pico32.runs/design_1_picorv32_axi_adapter_0_0_synth_1/design_1_picorv32_axi_adapter_0_0.dcp' has been generated.
INFO: [Coretcl 2-1648] Added synthesis output to IP cache for IP design_1_picorv32_axi_adapter_0_0, cache-ID = aa2d030f72243343
INFO: [Common 17-1381] The checkpoint 'E:/TUD/Vivado_Projects/CE_Lab2/pico32_template/pico32.runs/design_1_picorv32_axi_adapter_0_0_synth_1/design_1_picorv32_axi_adapter_0_0.dcp' has been generated.
INFO: [runtcl-4] Executing : report_utilization -file design_1_picorv32_axi_adapter_0_0_utilization_synth.rpt -pb design_1_picorv32_axi_adapter_0_0_utilization_synth.pb
INFO: [Common 17-206] Exiting Vivado at Wed Sep 18 11:18:15 2024...
