
*** Running vivado
    with args -log design_1_picorv32_0_0.vds -m64 -product Vivado -mode batch -messageDb vivado.pb -notrace -source design_1_picorv32_0_0.tcl


ECHO is off.
ECHO is off.

****** Vivado v2023.2 (64-bit)
  **** SW Build 4029153 on Fri Oct 13 20:14:34 MDT 2023
  **** IP Build 4028589 on Sat Oct 14 00:45:43 MDT 2023
  **** SharedData Build 4025554 on Tue Oct 10 17:18:54 MDT 2023
    ** Copyright 1986-2022 Xilinx, Inc. All Rights Reserved.
    ** Copyright 2022-2023 Advanced Micro Devices, Inc. All Rights Reserved.

source design_1_picorv32_0_0.tcl -notrace
create_project: Time (s): cpu = 00:00:08 ; elapsed = 00:00:18 . Memory (MB): peak = 453.180 ; gain = 184.688
INFO: [IP_Flow 19-234] Refreshing IP repositories
INFO: [IP_Flow 19-1704] No user IP repositories specified
INFO: [IP_Flow 19-2313] Loaded Vivado IP repository 'D:/Program_Files/Xilinx/Vivado/2023.2/data/ip'.
INFO: [IP_Flow 19-6924] IPCACHE: Running cache check for IP inst: design_1_picorv32_0_0
Command: synth_design -top design_1_picorv32_0_0 -part xc7z020clg400-1 -incremental_mode off -mode out_of_context
Starting synth_design
Attempting to get a license for feature 'Synthesis' and/or device 'xc7z020'
INFO: [Common 17-349] Got license for feature 'Synthesis' and/or device 'xc7z020'
INFO: [Device 21-403] Loading part xc7z020clg400-1
INFO: [Synth 8-7079] Multithreading enabled for synth_design using a maximum of 2 processes.
INFO: [Synth 8-7078] Launching helper process for spawning children vivado processes
INFO: [Synth 8-7075] Helper process launched with PID 24128
---------------------------------------------------------------------------------
Starting RTL Elaboration : Time (s): cpu = 00:00:13 ; elapsed = 00:00:24 . Memory (MB): peak = 1326.016 ; gain = 439.016
---------------------------------------------------------------------------------
INFO: [Synth 8-6157] synthesizing module 'design_1_picorv32_0_0' [e:/TUD/Vivado_Projects/CE_Lab2/pico32_template/pico32.gen/sources_1/bd/design_1/ip/design_1_picorv32_0_0/synth/design_1_picorv32_0_0.v:53]
INFO: [Synth 8-6157] synthesizing module 'picorv32' [E:/TUD/Vivado_Projects/CE_Lab2/pico32_template/pico32.srcs/sources_1/bd/picorv32.v:60]
	Parameter ENABLE_COUNTERS bound to: 1'b1 
	Parameter ENABLE_COUNTERS64 bound to: 1'b1 
	Parameter ENABLE_REGS_16_31 bound to: 1'b1 
	Parameter ENABLE_REGS_DUALPORT bound to: 1'b1 
	Parameter LATCHED_MEM_RDATA bound to: 1'b0 
	Parameter TWO_STAGE_SHIFT bound to: 1'b1 
	Parameter BARREL_SHIFTER bound to: 1'b0 
	Parameter TWO_CYCLE_COMPARE bound to: 1'b0 
	Parameter TWO_CYCLE_ALU bound to: 1'b0 
	Parameter COMPRESSED_ISA bound to: 1'b0 
	Parameter CATCH_MISALIGN bound to: 1'b1 
	Parameter CATCH_ILLINSN bound to: 1'b1 
	Parameter ENABLE_PCPI bound to: 1'b0 
	Parameter ENABLE_MUL bound to: 1'b1 
	Parameter ENABLE_FAST_MUL bound to: 1'b0 
	Parameter ENABLE_DIV bound to: 1'b1 
	Parameter ENABLE_IRQ bound to: 1'b0 
	Parameter ENABLE_IRQ_QREGS bound to: 1'b0 
	Parameter ENABLE_IRQ_TIMER bound to: 1'b0 
	Parameter ENABLE_TRACE bound to: 1'b0 
	Parameter REGS_INIT_ZERO bound to: 1'b0 
	Parameter MASKED_IRQ bound to: 0 - type: integer 
	Parameter LATCHED_IRQ bound to: -1 - type: integer 
	Parameter PROGADDR_RESET bound to: 1073741824 - type: integer 
	Parameter PROGADDR_IRQ bound to: 0 - type: integer 
	Parameter STACKADDR bound to: -1 - type: integer 
INFO: [Synth 8-6157] synthesizing module 'picorv32_pcpi_mul' [E:/TUD/Vivado_Projects/CE_Lab2/pico32_template/pico32.srcs/sources_1/bd/picorv32.v:2138]
INFO: [Synth 8-155] case statement is not full and has no default [E:/TUD/Vivado_Projects/CE_Lab2/pico32_template/pico32.srcs/sources_1/bd/picorv32.v:2169]
INFO: [Synth 8-6155] done synthesizing module 'picorv32_pcpi_mul' (0#1) [E:/TUD/Vivado_Projects/CE_Lab2/pico32_template/pico32.srcs/sources_1/bd/picorv32.v:2138]
INFO: [Synth 8-6157] synthesizing module 'picorv32_pcpi_div' [E:/TUD/Vivado_Projects/CE_Lab2/pico32_template/pico32.srcs/sources_1/bd/picorv32.v:2361]
INFO: [Synth 8-155] case statement is not full and has no default [E:/TUD/Vivado_Projects/CE_Lab2/pico32_template/pico32.srcs/sources_1/bd/picorv32.v:2386]
INFO: [Synth 8-6155] done synthesizing module 'picorv32_pcpi_div' (0#1) [E:/TUD/Vivado_Projects/CE_Lab2/pico32_template/pico32.srcs/sources_1/bd/picorv32.v:2361]
INFO: [Synth 8-155] case statement is not full and has no default [E:/TUD/Vivado_Projects/CE_Lab2/pico32_template/pico32.srcs/sources_1/bd/picorv32.v:290]
WARNING: [Synth 8-151] case item 1'b0 is unreachable [E:/TUD/Vivado_Projects/CE_Lab2/pico32_template/pico32.srcs/sources_1/bd/picorv32.v:1230]
WARNING: [Synth 8-151] case item 1'b0 is unreachable [E:/TUD/Vivado_Projects/CE_Lab2/pico32_template/pico32.srcs/sources_1/bd/picorv32.v:1276]
INFO: [Synth 8-155] case statement is not full and has no default [E:/TUD/Vivado_Projects/CE_Lab2/pico32_template/pico32.srcs/sources_1/bd/picorv32.v:1276]
WARNING: [Synth 8-151] case item 1'b0 is unreachable [E:/TUD/Vivado_Projects/CE_Lab2/pico32_template/pico32.srcs/sources_1/bd/picorv32.v:1459]
INFO: [Synth 8-155] case statement is not full and has no default [E:/TUD/Vivado_Projects/CE_Lab2/pico32_template/pico32.srcs/sources_1/bd/picorv32.v:1459]
WARNING: [Synth 8-151] case item 1'b0 is unreachable [E:/TUD/Vivado_Projects/CE_Lab2/pico32_template/pico32.srcs/sources_1/bd/picorv32.v:1545]
WARNING: [Synth 8-151] case item 1'b0 is unreachable [E:/TUD/Vivado_Projects/CE_Lab2/pico32_template/pico32.srcs/sources_1/bd/picorv32.v:1545]
WARNING: [Synth 8-151] case item 1'b0 is unreachable [E:/TUD/Vivado_Projects/CE_Lab2/pico32_template/pico32.srcs/sources_1/bd/picorv32.v:1545]
WARNING: [Synth 8-151] case item 1'b0 is unreachable [E:/TUD/Vivado_Projects/CE_Lab2/pico32_template/pico32.srcs/sources_1/bd/picorv32.v:1545]
WARNING: [Synth 8-151] case item 1'b0 is unreachable [E:/TUD/Vivado_Projects/CE_Lab2/pico32_template/pico32.srcs/sources_1/bd/picorv32.v:1545]
INFO: [Synth 8-6155] done synthesizing module 'picorv32' (0#1) [E:/TUD/Vivado_Projects/CE_Lab2/pico32_template/pico32.srcs/sources_1/bd/picorv32.v:60]
INFO: [Synth 8-6155] done synthesizing module 'design_1_picorv32_0_0' (0#1) [e:/TUD/Vivado_Projects/CE_Lab2/pico32_template/pico32.gen/sources_1/bd/design_1/ip/design_1_picorv32_0_0/synth/design_1_picorv32_0_0.v:53]
WARNING: [Synth 8-6014] Unused sequential element pcpi_ready_reg was removed.  [E:/TUD/Vivado_Projects/CE_Lab2/pico32_template/pico32.srcs/sources_1/bd/picorv32.v:2250]
WARNING: [Synth 8-6014] Unused sequential element pcpi_wr_reg was removed.  [E:/TUD/Vivado_Projects/CE_Lab2/pico32_template/pico32.srcs/sources_1/bd/picorv32.v:2407]
WARNING: [Synth 8-6014] Unused sequential element mem_la_firstword_reg_reg was removed.  [E:/TUD/Vivado_Projects/CE_Lab2/pico32_template/pico32.srcs/sources_1/bd/picorv32.v:352]
WARNING: [Synth 8-6014] Unused sequential element last_mem_valid_reg was removed.  [E:/TUD/Vivado_Projects/CE_Lab2/pico32_template/pico32.srcs/sources_1/bd/picorv32.v:353]
WARNING: [Synth 8-6014] Unused sequential element next_insn_opcode_reg was removed.  [E:/TUD/Vivado_Projects/CE_Lab2/pico32_template/pico32.srcs/sources_1/bd/picorv32.v:393]
WARNING: [Synth 8-6014] Unused sequential element mem_la_secondword_reg was removed.  [E:/TUD/Vivado_Projects/CE_Lab2/pico32_template/pico32.srcs/sources_1/bd/picorv32.v:531]
WARNING: [Synth 8-6014] Unused sequential element prefetched_high_word_reg was removed.  [E:/TUD/Vivado_Projects/CE_Lab2/pico32_template/pico32.srcs/sources_1/bd/picorv32.v:532]
WARNING: [Synth 8-6014] Unused sequential element q_ascii_instr_reg was removed.  [E:/TUD/Vivado_Projects/CE_Lab2/pico32_template/pico32.srcs/sources_1/bd/picorv32.v:741]
WARNING: [Synth 8-6014] Unused sequential element q_insn_imm_reg was removed.  [E:/TUD/Vivado_Projects/CE_Lab2/pico32_template/pico32.srcs/sources_1/bd/picorv32.v:742]
WARNING: [Synth 8-6014] Unused sequential element q_insn_opcode_reg was removed.  [E:/TUD/Vivado_Projects/CE_Lab2/pico32_template/pico32.srcs/sources_1/bd/picorv32.v:743]
WARNING: [Synth 8-6014] Unused sequential element q_insn_rs1_reg was removed.  [E:/TUD/Vivado_Projects/CE_Lab2/pico32_template/pico32.srcs/sources_1/bd/picorv32.v:744]
WARNING: [Synth 8-6014] Unused sequential element q_insn_rs2_reg was removed.  [E:/TUD/Vivado_Projects/CE_Lab2/pico32_template/pico32.srcs/sources_1/bd/picorv32.v:745]
WARNING: [Synth 8-6014] Unused sequential element q_insn_rd_reg was removed.  [E:/TUD/Vivado_Projects/CE_Lab2/pico32_template/pico32.srcs/sources_1/bd/picorv32.v:746]
WARNING: [Synth 8-6014] Unused sequential element dbg_next_reg was removed.  [E:/TUD/Vivado_Projects/CE_Lab2/pico32_template/pico32.srcs/sources_1/bd/picorv32.v:747]
WARNING: [Synth 8-6014] Unused sequential element dbg_valid_insn_reg was removed.  [E:/TUD/Vivado_Projects/CE_Lab2/pico32_template/pico32.srcs/sources_1/bd/picorv32.v:750]
WARNING: [Synth 8-6014] Unused sequential element cached_ascii_instr_reg was removed.  [E:/TUD/Vivado_Projects/CE_Lab2/pico32_template/pico32.srcs/sources_1/bd/picorv32.v:755]
WARNING: [Synth 8-6014] Unused sequential element cached_insn_imm_reg was removed.  [E:/TUD/Vivado_Projects/CE_Lab2/pico32_template/pico32.srcs/sources_1/bd/picorv32.v:756]
WARNING: [Synth 8-6014] Unused sequential element cached_insn_opcode_reg was removed.  [E:/TUD/Vivado_Projects/CE_Lab2/pico32_template/pico32.srcs/sources_1/bd/picorv32.v:758]
WARNING: [Synth 8-6014] Unused sequential element cached_insn_rs1_reg was removed.  [E:/TUD/Vivado_Projects/CE_Lab2/pico32_template/pico32.srcs/sources_1/bd/picorv32.v:761]
WARNING: [Synth 8-6014] Unused sequential element cached_insn_rs2_reg was removed.  [E:/TUD/Vivado_Projects/CE_Lab2/pico32_template/pico32.srcs/sources_1/bd/picorv32.v:762]
WARNING: [Synth 8-6014] Unused sequential element cached_insn_rd_reg was removed.  [E:/TUD/Vivado_Projects/CE_Lab2/pico32_template/pico32.srcs/sources_1/bd/picorv32.v:763]
WARNING: [Synth 8-6014] Unused sequential element dbg_insn_addr_reg was removed.  [E:/TUD/Vivado_Projects/CE_Lab2/pico32_template/pico32.srcs/sources_1/bd/picorv32.v:767]
WARNING: [Synth 8-6014] Unused sequential element clear_prefetched_high_word_q_reg was removed.  [E:/TUD/Vivado_Projects/CE_Lab2/pico32_template/pico32.srcs/sources_1/bd/picorv32.v:1255]
WARNING: [Synth 8-6014] Unused sequential element set_mem_do_rinst_reg was removed.  [E:/TUD/Vivado_Projects/CE_Lab2/pico32_template/pico32.srcs/sources_1/bd/picorv32.v:1368]
WARNING: [Synth 8-6014] Unused sequential element set_mem_do_rdata_reg was removed.  [E:/TUD/Vivado_Projects/CE_Lab2/pico32_template/pico32.srcs/sources_1/bd/picorv32.v:1369]
WARNING: [Synth 8-6014] Unused sequential element set_mem_do_wdata_reg was removed.  [E:/TUD/Vivado_Projects/CE_Lab2/pico32_template/pico32.srcs/sources_1/bd/picorv32.v:1370]
WARNING: [Synth 8-6014] Unused sequential element alu_out_0_q_reg was removed.  [E:/TUD/Vivado_Projects/CE_Lab2/pico32_template/pico32.srcs/sources_1/bd/picorv32.v:1372]
WARNING: [Synth 8-6014] Unused sequential element alu_wait_reg was removed.  [E:/TUD/Vivado_Projects/CE_Lab2/pico32_template/pico32.srcs/sources_1/bd/picorv32.v:1375]
WARNING: [Synth 8-6014] Unused sequential element alu_wait_2_reg was removed.  [E:/TUD/Vivado_Projects/CE_Lab2/pico32_template/pico32.srcs/sources_1/bd/picorv32.v:1376]
WARNING: [Synth 8-6014] Unused sequential element dbg_rs1val_reg was removed.  [E:/TUD/Vivado_Projects/CE_Lab2/pico32_template/pico32.srcs/sources_1/bd/picorv32.v:1379]
WARNING: [Synth 8-6014] Unused sequential element dbg_rs2val_reg was removed.  [E:/TUD/Vivado_Projects/CE_Lab2/pico32_template/pico32.srcs/sources_1/bd/picorv32.v:1380]
WARNING: [Synth 8-6014] Unused sequential element dbg_rs1val_valid_reg was removed.  [E:/TUD/Vivado_Projects/CE_Lab2/pico32_template/pico32.srcs/sources_1/bd/picorv32.v:1381]
WARNING: [Synth 8-6014] Unused sequential element dbg_rs2val_valid_reg was removed.  [E:/TUD/Vivado_Projects/CE_Lab2/pico32_template/pico32.srcs/sources_1/bd/picorv32.v:1382]
WARNING: [Synth 8-6014] Unused sequential element next_irq_pending_reg was removed.  [E:/TUD/Vivado_Projects/CE_Lab2/pico32_template/pico32.srcs/sources_1/bd/picorv32.v:1402]
WARNING: [Synth 8-6014] Unused sequential element decoder_trigger_q_reg was removed.  [E:/TUD/Vivado_Projects/CE_Lab2/pico32_template/pico32.srcs/sources_1/bd/picorv32.v:1409]
WARNING: [Synth 8-6014] Unused sequential element decoder_pseudo_trigger_q_reg was removed.  [E:/TUD/Vivado_Projects/CE_Lab2/pico32_template/pico32.srcs/sources_1/bd/picorv32.v:1411]
WARNING: [Synth 8-6014] Unused sequential element trace_valid_reg was removed.  [E:/TUD/Vivado_Projects/CE_Lab2/pico32_template/pico32.srcs/sources_1/bd/picorv32.v:1414]
WARNING: [Synth 8-6014] Unused sequential element trace_data_reg was removed.  [E:/TUD/Vivado_Projects/CE_Lab2/pico32_template/pico32.srcs/sources_1/bd/picorv32.v:1417]
WARNING: [Synth 8-6014] Unused sequential element latched_trace_reg was removed.  [E:/TUD/Vivado_Projects/CE_Lab2/pico32_template/pico32.srcs/sources_1/bd/picorv32.v:1427]
WARNING: [Synth 8-6014] Unused sequential element irq_active_reg was removed.  [E:/TUD/Vivado_Projects/CE_Lab2/pico32_template/pico32.srcs/sources_1/bd/picorv32.v:1433]
WARNING: [Synth 8-6014] Unused sequential element irq_delay_reg was removed.  [E:/TUD/Vivado_Projects/CE_Lab2/pico32_template/pico32.srcs/sources_1/bd/picorv32.v:1434]
WARNING: [Synth 8-6014] Unused sequential element irq_mask_reg was removed.  [E:/TUD/Vivado_Projects/CE_Lab2/pico32_template/pico32.srcs/sources_1/bd/picorv32.v:1435]
WARNING: [Synth 8-6014] Unused sequential element irq_state_reg was removed.  [E:/TUD/Vivado_Projects/CE_Lab2/pico32_template/pico32.srcs/sources_1/bd/picorv32.v:1437]
WARNING: [Synth 8-6014] Unused sequential element eoi_reg was removed.  [E:/TUD/Vivado_Projects/CE_Lab2/pico32_template/pico32.srcs/sources_1/bd/picorv32.v:1438]
WARNING: [Synth 8-6014] Unused sequential element timer_reg was removed.  [E:/TUD/Vivado_Projects/CE_Lab2/pico32_template/pico32.srcs/sources_1/bd/picorv32.v:1439]
WARNING: [Synth 8-6014] Unused sequential element current_pc_reg was removed.  [E:/TUD/Vivado_Projects/CE_Lab2/pico32_template/pico32.srcs/sources_1/bd/picorv32.v:1457]
WARNING: [Synth 8-6014] Unused sequential element irq_pending_reg was removed.  [E:/TUD/Vivado_Projects/CE_Lab2/pico32_template/pico32.srcs/sources_1/bd/picorv32.v:1926]
WARNING: [Synth 8-7129] Port pcpi_insn[24] in module picorv32_pcpi_div is either unconnected or has no load
WARNING: [Synth 8-7129] Port pcpi_insn[23] in module picorv32_pcpi_div is either unconnected or has no load
WARNING: [Synth 8-7129] Port pcpi_insn[22] in module picorv32_pcpi_div is either unconnected or has no load
WARNING: [Synth 8-7129] Port pcpi_insn[21] in module picorv32_pcpi_div is either unconnected or has no load
WARNING: [Synth 8-7129] Port pcpi_insn[20] in module picorv32_pcpi_div is either unconnected or has no load
WARNING: [Synth 8-7129] Port pcpi_insn[19] in module picorv32_pcpi_div is either unconnected or has no load
WARNING: [Synth 8-7129] Port pcpi_insn[18] in module picorv32_pcpi_div is either unconnected or has no load
WARNING: [Synth 8-7129] Port pcpi_insn[17] in module picorv32_pcpi_div is either unconnected or has no load
WARNING: [Synth 8-7129] Port pcpi_insn[16] in module picorv32_pcpi_div is either unconnected or has no load
WARNING: [Synth 8-7129] Port pcpi_insn[15] in module picorv32_pcpi_div is either unconnected or has no load
WARNING: [Synth 8-7129] Port pcpi_insn[11] in module picorv32_pcpi_div is either unconnected or has no load
WARNING: [Synth 8-7129] Port pcpi_insn[10] in module picorv32_pcpi_div is either unconnected or has no load
WARNING: [Synth 8-7129] Port pcpi_insn[9] in module picorv32_pcpi_div is either unconnected or has no load
WARNING: [Synth 8-7129] Port pcpi_insn[8] in module picorv32_pcpi_div is either unconnected or has no load
WARNING: [Synth 8-7129] Port pcpi_insn[7] in module picorv32_pcpi_div is either unconnected or has no load
WARNING: [Synth 8-7129] Port pcpi_insn[24] in module picorv32_pcpi_mul is either unconnected or has no load
WARNING: [Synth 8-7129] Port pcpi_insn[23] in module picorv32_pcpi_mul is either unconnected or has no load
WARNING: [Synth 8-7129] Port pcpi_insn[22] in module picorv32_pcpi_mul is either unconnected or has no load
WARNING: [Synth 8-7129] Port pcpi_insn[21] in module picorv32_pcpi_mul is either unconnected or has no load
WARNING: [Synth 8-7129] Port pcpi_insn[20] in module picorv32_pcpi_mul is either unconnected or has no load
WARNING: [Synth 8-7129] Port pcpi_insn[19] in module picorv32_pcpi_mul is either unconnected or has no load
WARNING: [Synth 8-7129] Port pcpi_insn[18] in module picorv32_pcpi_mul is either unconnected or has no load
WARNING: [Synth 8-7129] Port pcpi_insn[17] in module picorv32_pcpi_mul is either unconnected or has no load
WARNING: [Synth 8-7129] Port pcpi_insn[16] in module picorv32_pcpi_mul is either unconnected or has no load
WARNING: [Synth 8-7129] Port pcpi_insn[15] in module picorv32_pcpi_mul is either unconnected or has no load
WARNING: [Synth 8-7129] Port pcpi_insn[11] in module picorv32_pcpi_mul is either unconnected or has no load
WARNING: [Synth 8-7129] Port pcpi_insn[10] in module picorv32_pcpi_mul is either unconnected or has no load
WARNING: [Synth 8-7129] Port pcpi_insn[9] in module picorv32_pcpi_mul is either unconnected or has no load
WARNING: [Synth 8-7129] Port pcpi_insn[8] in module picorv32_pcpi_mul is either unconnected or has no load
WARNING: [Synth 8-7129] Port pcpi_insn[7] in module picorv32_pcpi_mul is either unconnected or has no load
---------------------------------------------------------------------------------
Finished RTL Elaboration : Time (s): cpu = 00:00:16 ; elapsed = 00:00:31 . Memory (MB): peak = 1453.680 ; gain = 566.680
---------------------------------------------------------------------------------
---------------------------------------------------------------------------------
Start Handling Custom Attributes
---------------------------------------------------------------------------------
---------------------------------------------------------------------------------
Finished Handling Custom Attributes : Time (s): cpu = 00:00:16 ; elapsed = 00:00:31 . Memory (MB): peak = 1453.680 ; gain = 566.680
---------------------------------------------------------------------------------
---------------------------------------------------------------------------------
Finished RTL Optimization Phase 1 : Time (s): cpu = 00:00:16 ; elapsed = 00:00:31 . Memory (MB): peak = 1453.680 ; gain = 566.680
---------------------------------------------------------------------------------
Netlist sorting complete. Time (s): cpu = 00:00:00 ; elapsed = 00:00:00.065 . Memory (MB): peak = 1453.680 ; gain = 0.000
INFO: [Project 1-570] Preparing netlist for logic optimization

Processing XDC Constraints
Initializing timing engine
Completed Processing XDC Constraints

Netlist sorting complete. Time (s): cpu = 00:00:00 ; elapsed = 00:00:00.001 . Memory (MB): peak = 1544.922 ; gain = 0.000
INFO: [Project 1-111] Unisim Transformation Summary:
No Unisim elements were transformed.

The system cannot find the path specified.
Constraint Validation Runtime : Time (s): cpu = 00:00:00 ; elapsed = 00:00:01 . Memory (MB): peak = 1544.922 ; gain = 0.000
INFO: [Designutils 20-5008] Incremental synthesis strategy off
---------------------------------------------------------------------------------
Finished Constraint Validation : Time (s): cpu = 00:00:31 ; elapsed = 00:01:04 . Memory (MB): peak = 1544.922 ; gain = 657.922
---------------------------------------------------------------------------------
---------------------------------------------------------------------------------
Start Loading Part and Timing Information
---------------------------------------------------------------------------------
Loading part: xc7z020clg400-1
---------------------------------------------------------------------------------
Finished Loading Part and Timing Information : Time (s): cpu = 00:00:31 ; elapsed = 00:01:05 . Memory (MB): peak = 1544.922 ; gain = 657.922
---------------------------------------------------------------------------------
---------------------------------------------------------------------------------
Start Applying 'set_property' XDC Constraints
---------------------------------------------------------------------------------
---------------------------------------------------------------------------------
Finished applying 'set_property' XDC Constraints : Time (s): cpu = 00:00:31 ; elapsed = 00:01:05 . Memory (MB): peak = 1544.922 ; gain = 657.922
---------------------------------------------------------------------------------
INFO: [Synth 8-802] inferred FSM for state register 'mem_state_reg' in module 'picorv32'
---------------------------------------------------------------------------------------------------
                   State |                     New Encoding |                Previous Encoding 
---------------------------------------------------------------------------------------------------
                 iSTATE2 |                               00 |                               00
                 iSTATE0 |                               01 |                               10
                  iSTATE |                               10 |                               01
                 iSTATE1 |                               11 |                               11
---------------------------------------------------------------------------------------------------
INFO: [Synth 8-3354] encoded FSM with state register 'mem_state_reg' using encoding 'sequential' in module 'picorv32'
---------------------------------------------------------------------------------
Finished RTL Optimization Phase 2 : Time (s): cpu = 00:00:34 ; elapsed = 00:01:09 . Memory (MB): peak = 1544.922 ; gain = 657.922
---------------------------------------------------------------------------------
---------------------------------------------------------------------------------
Start RTL Component Statistics 
---------------------------------------------------------------------------------
Detailed RTL Component Info : 
+---Adders : 
	   2 Input   63 Bit       Adders := 1     
	   2 Input   32 Bit       Adders := 7     
	   3 Input   32 Bit       Adders := 1     
	   2 Input    7 Bit       Adders := 1     
	   3 Input    5 Bit       Adders := 16    
	   2 Input    5 Bit       Adders := 2     
	   2 Input    4 Bit       Adders := 1     
+---XORs : 
	   2 Input     32 Bit         XORs := 1     
+---Registers : 
	               64 Bit    Registers := 4     
	               63 Bit    Registers := 1     
	               32 Bit    Registers := 17    
	                8 Bit    Registers := 1     
	                7 Bit    Registers := 1     
	                5 Bit    Registers := 6     
	                4 Bit    Registers := 2     
	                2 Bit    Registers := 1     
	                1 Bit    Registers := 96    
+---RAMs : 
	             1024 Bit	(32 X 32 bit)          RAMs := 1     
+---Muxes : 
	   2 Input   64 Bit        Muxes := 4     
	   2 Input   63 Bit        Muxes := 2     
	   2 Input   32 Bit        Muxes := 29    
	   3 Input   32 Bit        Muxes := 3     
	   5 Input   32 Bit        Muxes := 1     
	   6 Input   32 Bit        Muxes := 1     
	   4 Input   32 Bit        Muxes := 5     
	   9 Input   32 Bit        Muxes := 2     
	   2 Input   16 Bit        Muxes := 1     
	   4 Input    8 Bit        Muxes := 2     
	   2 Input    8 Bit        Muxes := 2     
	   9 Input    8 Bit        Muxes := 1     
	   4 Input    7 Bit        Muxes := 1     
	   3 Input    6 Bit        Muxes := 1     
	   2 Input    5 Bit        Muxes := 1     
	   9 Input    5 Bit        Muxes := 2     
	   5 Input    4 Bit        Muxes := 1     
	   2 Input    4 Bit        Muxes := 1     
	   4 Input    4 Bit        Muxes := 1     
	   3 Input    4 Bit        Muxes := 1     
	   2 Input    3 Bit        Muxes := 2     
	   9 Input    2 Bit        Muxes := 1     
	   4 Input    2 Bit        Muxes := 1     
	   2 Input    2 Bit        Muxes := 4     
	   2 Input    1 Bit        Muxes := 36    
	   4 Input    1 Bit        Muxes := 17    
	   9 Input    1 Bit        Muxes := 26    
	   3 Input    1 Bit        Muxes := 4     
	   7 Input    1 Bit        Muxes := 4     
---------------------------------------------------------------------------------
Finished RTL Component Statistics 
---------------------------------------------------------------------------------
---------------------------------------------------------------------------------
Start Part Resource Summary
---------------------------------------------------------------------------------
Part Resources:
DSPs: 220 (col length:60)
BRAMs: 280 (col length: RAMB18 60 RAMB36 30)
---------------------------------------------------------------------------------
Finished Part Resource Summary
---------------------------------------------------------------------------------
---------------------------------------------------------------------------------
Start Cross Boundary and Area Optimization
---------------------------------------------------------------------------------
WARNING: [Synth 8-7080] Parallel synthesis criteria is not met
---------------------------------------------------------------------------------
Finished Cross Boundary and Area Optimization : Time (s): cpu = 00:00:47 ; elapsed = 00:01:36 . Memory (MB): peak = 1544.922 ; gain = 657.922
---------------------------------------------------------------------------------
---------------------------------------------------------------------------------
Start ROM, RAM, DSP, Shift Register and Retiming Reporting
---------------------------------------------------------------------------------

Distributed RAM: Preliminary Mapping Report (see note below)
+------------+-------------+-----------+----------------------+--------------+
|Module Name | RTL Object  | Inference | Size (Depth x Width) | Primitives   | 
+------------+-------------+-----------+----------------------+--------------+
|inst        | cpuregs_reg | Implied   | 32 x 32              | RAM32M x 12  | 
+------------+-------------+-----------+----------------------+--------------+

Note: The table above is a preliminary report that shows the Distributed RAMs at the current stage of the synthesis flow. Some Distributed RAMs may be reimplemented as non Distributed RAM primitives later in the synthesis flow. Multiple instantiated RAMs are reported only once.
---------------------------------------------------------------------------------
Finished ROM, RAM, DSP, Shift Register and Retiming Reporting
---------------------------------------------------------------------------------
---------------------------------------------------------------------------------
Start Applying XDC Timing Constraints
---------------------------------------------------------------------------------
---------------------------------------------------------------------------------
Finished Applying XDC Timing Constraints : Time (s): cpu = 00:00:55 ; elapsed = 00:01:52 . Memory (MB): peak = 1544.922 ; gain = 657.922
---------------------------------------------------------------------------------
---------------------------------------------------------------------------------
Start Timing Optimization
---------------------------------------------------------------------------------
---------------------------------------------------------------------------------
Finished Timing Optimization : Time (s): cpu = 00:00:55 ; elapsed = 00:01:53 . Memory (MB): peak = 1544.922 ; gain = 657.922
---------------------------------------------------------------------------------
---------------------------------------------------------------------------------
Start ROM, RAM, DSP, Shift Register and Retiming Reporting
---------------------------------------------------------------------------------

Distributed RAM: Final Mapping Report
+------------+-------------+-----------+----------------------+--------------+
|Module Name | RTL Object  | Inference | Size (Depth x Width) | Primitives   | 
+------------+-------------+-----------+----------------------+--------------+
|inst        | cpuregs_reg | Implied   | 32 x 32              | RAM32M x 12  | 
+------------+-------------+-----------+----------------------+--------------+

---------------------------------------------------------------------------------
Finished ROM, RAM, DSP, Shift Register and Retiming Reporting
---------------------------------------------------------------------------------
---------------------------------------------------------------------------------
Start Technology Mapping
---------------------------------------------------------------------------------
---------------------------------------------------------------------------------
Finished Technology Mapping : Time (s): cpu = 00:00:56 ; elapsed = 00:01:54 . Memory (MB): peak = 1544.922 ; gain = 657.922
---------------------------------------------------------------------------------
---------------------------------------------------------------------------------
Start IO Insertion
---------------------------------------------------------------------------------
---------------------------------------------------------------------------------
Start Flattening Before IO Insertion
---------------------------------------------------------------------------------
---------------------------------------------------------------------------------
Finished Flattening Before IO Insertion
---------------------------------------------------------------------------------
---------------------------------------------------------------------------------
Start Final Netlist Cleanup
---------------------------------------------------------------------------------
---------------------------------------------------------------------------------
Finished Final Netlist Cleanup
---------------------------------------------------------------------------------
---------------------------------------------------------------------------------
Finished IO Insertion : Time (s): cpu = 00:01:03 ; elapsed = 00:02:06 . Memory (MB): peak = 1544.922 ; gain = 657.922
---------------------------------------------------------------------------------
---------------------------------------------------------------------------------
Start Renaming Generated Instances
---------------------------------------------------------------------------------
---------------------------------------------------------------------------------
Finished Renaming Generated Instances : Time (s): cpu = 00:01:03 ; elapsed = 00:02:06 . Memory (MB): peak = 1544.922 ; gain = 657.922
---------------------------------------------------------------------------------
---------------------------------------------------------------------------------
Start Rebuilding User Hierarchy
---------------------------------------------------------------------------------
---------------------------------------------------------------------------------
Finished Rebuilding User Hierarchy : Time (s): cpu = 00:01:03 ; elapsed = 00:02:06 . Memory (MB): peak = 1544.922 ; gain = 657.922
---------------------------------------------------------------------------------
---------------------------------------------------------------------------------
Start Renaming Generated Ports
---------------------------------------------------------------------------------
---------------------------------------------------------------------------------
Finished Renaming Generated Ports : Time (s): cpu = 00:01:03 ; elapsed = 00:02:06 . Memory (MB): peak = 1544.922 ; gain = 657.922
---------------------------------------------------------------------------------
---------------------------------------------------------------------------------
Start Handling Custom Attributes
---------------------------------------------------------------------------------
---------------------------------------------------------------------------------
Finished Handling Custom Attributes : Time (s): cpu = 00:01:04 ; elapsed = 00:02:06 . Memory (MB): peak = 1544.922 ; gain = 657.922
---------------------------------------------------------------------------------
---------------------------------------------------------------------------------
Start Renaming Generated Nets
---------------------------------------------------------------------------------
---------------------------------------------------------------------------------
Finished Renaming Generated Nets : Time (s): cpu = 00:01:04 ; elapsed = 00:02:07 . Memory (MB): peak = 1544.922 ; gain = 657.922
---------------------------------------------------------------------------------
---------------------------------------------------------------------------------
Start Writing Synthesis Report
---------------------------------------------------------------------------------

Report BlackBoxes: 
+-+--------------+----------+
| |BlackBox name |Instances |
+-+--------------+----------+
+-+--------------+----------+

Report Cell Usage: 
+------+---------+------+
|      |Cell     |Count |
+------+---------+------+
|1     |CARRY4   |   131|
|2     |LUT1     |   134|
|3     |LUT2     |   149|
|4     |LUT3     |   230|
|5     |LUT4     |   375|
|6     |LUT5     |   281|
|7     |LUT6     |   583|
|8     |RAM32M   |    10|
|9     |RAM32X1D |     4|
|10    |FDRE     |   991|
|11    |FDSE     |    63|
+------+---------+------+
---------------------------------------------------------------------------------
Finished Writing Synthesis Report : Time (s): cpu = 00:01:04 ; elapsed = 00:02:07 . Memory (MB): peak = 1544.922 ; gain = 657.922
---------------------------------------------------------------------------------
Synthesis finished with 0 errors, 0 critical warnings and 1 warnings.
Synthesis Optimization Runtime : Time (s): cpu = 00:00:45 ; elapsed = 00:01:56 . Memory (MB): peak = 1544.922 ; gain = 566.680
Synthesis Optimization Complete : Time (s): cpu = 00:01:04 ; elapsed = 00:02:07 . Memory (MB): peak = 1544.922 ; gain = 657.922
INFO: [Project 1-571] Translating synthesized netlist
Netlist sorting complete. Time (s): cpu = 00:00:00 ; elapsed = 00:00:00.057 . Memory (MB): peak = 1544.922 ; gain = 0.000
INFO: [Netlist 29-17] Analyzing 145 Unisim elements for replacement
INFO: [Netlist 29-28] Unisim Transformation completed in 0 CPU seconds
INFO: [Project 1-570] Preparing netlist for logic optimization
INFO: [Opt 31-138] Pushed 0 inverter(s) to 0 load pin(s).
Netlist sorting complete. Time (s): cpu = 00:00:00 ; elapsed = 00:00:00.001 . Memory (MB): peak = 1544.922 ; gain = 0.000
INFO: [Project 1-111] Unisim Transformation Summary:
  A total of 14 instances were transformed.
  RAM32M => RAM32M (RAMD32(x6), RAMS32(x2)): 10 instances
  RAM32X1D => RAM32X1D (RAMD32(x2)): 4 instances

The system cannot find the path specified.
Synth Design complete | Checksum: 7b832429
INFO: [Common 17-83] Releasing license: Synthesis
34 Infos, 86 Warnings, 0 Critical Warnings and 0 Errors encountered.
synth_design completed successfully
synth_design: Time (s): cpu = 00:01:11 ; elapsed = 00:02:23 . Memory (MB): peak = 1544.922 ; gain = 1078.211
Write ShapeDB Complete: Time (s): cpu = 00:00:00 ; elapsed = 00:00:00.011 . Memory (MB): peak = 1544.922 ; gain = 0.000
INFO: [Common 17-1381] The checkpoint 'E:/TUD/Vivado_Projects/CE_Lab2/pico32_template/pico32.runs/design_1_picorv32_0_0_synth_1/design_1_picorv32_0_0.dcp' has been generated.
INFO: [Coretcl 2-1648] Added synthesis output to IP cache for IP design_1_picorv32_0_0, cache-ID = 746ff46f78c1ed7f
INFO: [Coretcl 2-1174] Renamed 3 cell refs.
Write ShapeDB Complete: Time (s): cpu = 00:00:00 ; elapsed = 00:00:00.011 . Memory (MB): peak = 1544.922 ; gain = 0.000
INFO: [Common 17-1381] The checkpoint 'E:/TUD/Vivado_Projects/CE_Lab2/pico32_template/pico32.runs/design_1_picorv32_0_0_synth_1/design_1_picorv32_0_0.dcp' has been generated.
INFO: [runtcl-4] Executing : report_utilization -file design_1_picorv32_0_0_utilization_synth.rpt -pb design_1_picorv32_0_0_utilization_synth.pb
INFO: [Common 17-206] Exiting Vivado at Wed Sep 18 11:18:30 2024...
